app/admin/AdminDashboard.tsx(101,20): error TS2345: Argument of type '"/login"' is not assignable to parameter of type 'RelativePathString | ExternalPathString | "/admin/AdminProfile" | `/admin/AdminProfile?${string}` | `/admin/AdminProfile#${string}` | "/admin/AdminDashboard" | `/admin/AdminDashboard?${string}` | `/admin/AdminDashboard#${string}` | ... 429 more ... | { ...; }'.
app/admin/AdminDashboard.tsx(146,42): error TS2345: Argument of type '"/admin/profile"' is not assignable to parameter of type 'RelativePathString | ExternalPathString | "/admin/AdminProfile" | `/admin/AdminProfile?${string}` | `/admin/AdminProfile#${string}` | "/admin/AdminDashboard" | `/admin/AdminDashboard?${string}` | `/admin/AdminDashboard#${string}` | ... 429 more ... | { ...; }'.
app/admin/AdminDashboard.tsx(201,46): error TS2345: Argument of type '"/admin/owners"' is not assignable to parameter of type 'RelativePathString | ExternalPathString | "/admin/AdminProfile" | `/admin/AdminProfile?${string}` | `/admin/AdminProfile#${string}` | "/admin/AdminDashboard" | `/admin/AdminDashboard?${string}` | `/admin/AdminDashboard#${string}` | ... 429 more ... | { ...; }'.
app/admin/AdminDashboard.tsx(287,42): error TS2345: Argument of type '"/admin/users"' is not assignable to parameter of type 'RelativePathString | ExternalPathString | "/admin/AdminProfile" | `/admin/AdminProfile?${string}` | `/admin/AdminProfile#${string}` | "/admin/AdminDashboard" | `/admin/AdminDashboard?${string}` | `/admin/AdminDashboard#${string}` | ... 429 more ... | { ...; }'.
app/admin/AdminDashboard.tsx(295,42): error TS2345: Argument of type '"/admin/shops"' is not assignable to parameter of type 'RelativePathString | ExternalPathString | "/admin/AdminProfile" | `/admin/AdminProfile?${string}` | `/admin/AdminProfile#${string}` | "/admin/AdminDashboard" | `/admin/AdminDashboard?${string}` | `/admin/AdminDashboard#${string}` | ... 429 more ... | { ...; }'.
app/admin/AdminProfile.tsx(85,20): error TS2345: Argument of type '"/login"' is not assignable to parameter of type 'RelativePathString | ExternalPathString | "/admin/AdminProfile" | `/admin/AdminProfile?${string}` | `/admin/AdminProfile#${string}` | "/admin/AdminDashboard" | `/admin/AdminDashboard?${string}` | `/admin/AdminDashboard#${string}` | ... 429 more ... | { ...; }'.
app/Bookings.tsx(21,3): error TS2344: Type '"Bookings"' does not satisfy the constraint 'keyof UserStackParamList'.
app/Home.tsx(49,45): error TS2339: Property 'vehicleCount' does not exist on type 'RentalShop'.
app/Home.tsx(50,46): error TS2339: Property 'vehicleCount' does not exist on type 'RentalShop'.
app/owner/BookingOverview.tsx(1,88): error TS2307: Cannot find module 'lucide-react' or its corresponding type declarations.
app/owner/BookingOverview.tsx(11,29): error TS2307: Cannot find module 'react-router-dom' or its corresponding type declarations.
app/owner/BookingOverview.tsx(113,47): error TS2322: Type '{ children: Element; variant: "ghost"; size: "icon"; onClick: () => any; }' is not assignable to type 'IntrinsicAttributes & ButtonProps & RefAttributes<View>'.
  Property 'onClick' does not exist on type 'IntrinsicAttributes & ButtonProps & RefAttributes<View>'.
app/owner/BookingOverview.tsx(203,25): error TS2322: Type '{ children: (string | Element)[]; size: "sm"; variant: "outline"; className: string; onClick: () => void; }' is not assignable to type 'IntrinsicAttributes & ButtonProps & RefAttributes<View>'.
  Property 'onClick' does not exist on type 'IntrinsicAttributes & ButtonProps & RefAttributes<View>'.
app/owner/OwnerDashboard.tsx(15,8): error TS2307: Cannot find module 'lucide-react' or its corresponding type declarations.
app/owner/OwnerDashboard.tsx(16,29): error TS2307: Cannot find module 'react-router-dom' or its corresponding type declarations.
app/owner/OwnerDashboard.tsx(126,15): error TS2322: Type '{ children: Element; variant: "ghost"; size: "icon"; onClick: () => any; }' is not assignable to type 'IntrinsicAttributes & ButtonProps & RefAttributes<View>'.
  Property 'onClick' does not exist on type 'IntrinsicAttributes & ButtonProps & RefAttributes<View>'.
app/owner/OwnerDashboard.tsx(130,47): error TS2322: Type '{ children: string; variant: "ghost"; size: "sm"; onClick: () => void; }' is not assignable to type 'IntrinsicAttributes & ButtonProps & RefAttributes<View>'.
  Property 'onClick' does not exist on type 'IntrinsicAttributes & ButtonProps & RefAttributes<View>'.
app/owner/OwnerDashboard.tsx(170,17): error TS2322: Type '{ children: (string | Element)[]; size: "sm"; variant: "ghost"; className: string; onClick: () => any; }' is not assignable to type 'IntrinsicAttributes & ButtonProps & RefAttributes<View>'.
  Property 'onClick' does not exist on type 'IntrinsicAttributes & ButtonProps & RefAttributes<View>'.
app/owner/OwnerDashboard.tsx(216,17): error TS2322: Type '{ children: (string | Element)[]; variant: "ghost"; size: "sm"; className: string; onClick: () => any; }' is not assignable to type 'IntrinsicAttributes & ButtonProps & RefAttributes<View>'.
  Property 'onClick' does not exist on type 'IntrinsicAttributes & ButtonProps & RefAttributes<View>'.
app/owner/OwnerDashboard.tsx(263,13): error TS2322: Type '{ children: Element[]; variant: "outline"; className: string; onClick: () => any; }' is not assignable to type 'IntrinsicAttributes & ButtonProps & RefAttributes<View>'.
  Property 'onClick' does not exist on type 'IntrinsicAttributes & ButtonProps & RefAttributes<View>'.
app/owner/OwnerDashboard.tsx(271,13): error TS2322: Type '{ children: Element[]; variant: "outline"; className: string; onClick: () => any; }' is not assignable to type 'IntrinsicAttributes & ButtonProps & RefAttributes<View>'.
  Property 'onClick' does not exist on type 'IntrinsicAttributes & ButtonProps & RefAttributes<View>'.
app/owner/OwnerProfile.tsx(5,26): error TS2307: Cannot find module '@/hooks/use-toast' or its corresponding type declarations.
app/owner/OwnerProfile.tsx(15,8): error TS2307: Cannot find module 'lucide-react' or its corresponding type declarations.
app/owner/OwnerProfile.tsx(17,29): error TS2307: Cannot find module 'react-router-dom' or its corresponding type declarations.
app/owner/OwnerProfile.tsx(89,13): error TS2322: Type '{ children: Element; variant: "ghost"; size: "icon"; onClick: () => any; }' is not assignable to type 'IntrinsicAttributes & ButtonProps & RefAttributes<View>'.
  Property 'onClick' does not exist on type 'IntrinsicAttributes & ButtonProps & RefAttributes<View>'.
app/owner/OwnerProfile.tsx(117,17): error TS2322: Type '{ children: string; variant: "ghost"; size: "sm"; onClick: () => void; }' is not assignable to type 'IntrinsicAttributes & ButtonProps & RefAttributes<View>'.
  Property 'onClick' does not exist on type 'IntrinsicAttributes & ButtonProps & RefAttributes<View>'.
app/owner/OwnerProfile.tsx(131,69): error TS2339: Property 'value' does not exist on type 'NativeMethods'.
app/owner/OwnerProfile.tsx(132,17): error TS2322: Type '{ value: string; onChange: (e: TextInputChangeEvent) => void; disabled: boolean; }' is not assignable to type 'IntrinsicAttributes & InputProps & RefAttributes<TextInput>'.
  Property 'disabled' does not exist on type 'IntrinsicAttributes & InputProps & RefAttributes<TextInput>'.
app/owner/OwnerProfile.tsx(141,17): error TS2322: Type '{ type: string; value: string; onChange: (e: TextInputChangeEvent) => void; disabled: boolean; }' is not assignable to type 'IntrinsicAttributes & InputProps & RefAttributes<TextInput>'.
  Property 'type' does not exist on type 'IntrinsicAttributes & InputProps & RefAttributes<TextInput>'.
app/owner/OwnerProfile.tsx(143,70): error TS2339: Property 'value' does not exist on type 'NativeMethods'.
app/owner/OwnerProfile.tsx(154,70): error TS2339: Property 'value' does not exist on type 'NativeMethods'.
app/owner/OwnerProfile.tsx(155,17): error TS2322: Type '{ value: string; onChange: (e: TextInputChangeEvent) => void; disabled: boolean; }' is not assignable to type 'IntrinsicAttributes & InputProps & RefAttributes<TextInput>'.
  Property 'disabled' does not exist on type 'IntrinsicAttributes & InputProps & RefAttributes<TextInput>'.
app/owner/OwnerProfile.tsx(159,42): error TS2322: Type '{ children: (string | Element)[]; className: string; onClick: () => void; }' is not assignable to type 'IntrinsicAttributes & ButtonProps & RefAttributes<View>'.
  Property 'onClick' does not exist on type 'IntrinsicAttributes & ButtonProps & RefAttributes<View>'.
app/owner/OwnerProfile.tsx(181,17): error TS2322: Type '{ type: string; value: string; onChange: (e: TextInputChangeEvent) => void; placeholder: string; }' is not assignable to type 'IntrinsicAttributes & InputProps & RefAttributes<TextInput>'.
  Property 'type' does not exist on type 'IntrinsicAttributes & InputProps & RefAttributes<TextInput>'.
app/owner/OwnerProfile.tsx(184,65): error TS2339: Property 'value' does not exist on type 'NativeMethods'.
app/owner/OwnerProfile.tsx(194,17): error TS2322: Type '{ type: string; value: string; onChange: (e: TextInputChangeEvent) => void; placeholder: string; }' is not assignable to type 'IntrinsicAttributes & InputProps & RefAttributes<TextInput>'.
  Property 'type' does not exist on type 'IntrinsicAttributes & InputProps & RefAttributes<TextInput>'.
app/owner/OwnerProfile.tsx(197,61): error TS2339: Property 'value' does not exist on type 'NativeMethods'.
app/owner/OwnerProfile.tsx(207,17): error TS2322: Type '{ type: string; value: string; onChange: (e: TextInputChangeEvent) => void; placeholder: string; }' is not assignable to type 'IntrinsicAttributes & InputProps & RefAttributes<TextInput>'.
  Property 'type' does not exist on type 'IntrinsicAttributes & InputProps & RefAttributes<TextInput>'.
app/owner/OwnerProfile.tsx(210,65): error TS2339: Property 'value' does not exist on type 'NativeMethods'.
app/owner/OwnerProfile.tsx(218,15): error TS2322: Type '{ children: string; variant: "outline"; className: string; onClick: () => void; }' is not assignable to type 'IntrinsicAttributes & ButtonProps & RefAttributes<View>'.
  Property 'onClick' does not exist on type 'IntrinsicAttributes & ButtonProps & RefAttributes<View>'.
app/owner/OwnerProfile.tsx(226,58): error TS2322: Type '{ children: (string | Element)[]; variant: "destructive"; className: string; onClick: () => void; }' is not assignable to type 'IntrinsicAttributes & ButtonProps & RefAttributes<View>'.
  Property 'onClick' does not exist on type 'IntrinsicAttributes & ButtonProps & RefAttributes<View>'.
app/owner/ShopManagement.tsx(2,110): error TS2307: Cannot find module 'lucide-react' or its corresponding type declarations.
app/owner/ShopManagement.tsx(19,29): error TS2307: Cannot find module 'react-router-dom' or its corresponding type declarations.
app/owner/ShopManagement.tsx(20,26): error TS2307: Cannot find module '@/hooks/use-toast' or its corresponding type declarations.
app/owner/ShopManagement.tsx(135,49): error TS2322: Type '{ children: Element; variant: "ghost"; size: "icon"; onClick: () => any; }' is not assignable to type 'IntrinsicAttributes & ButtonProps & RefAttributes<View>'.
  Property 'onClick' does not exist on type 'IntrinsicAttributes & ButtonProps & RefAttributes<View>'.
app/owner/ShopManagement.tsx(140,29): error TS2322: Type '{ children: (string | Element)[]; size: "sm"; onClick: () => void; }' is not assignable to type 'IntrinsicAttributes & ButtonProps & RefAttributes<View>'.
  Property 'onClick' does not exist on type 'IntrinsicAttributes & ButtonProps & RefAttributes<View>'.
app/owner/ShopManagement.tsx(154,40): error TS2322: Type '{ children: (string | Element)[]; className: string; onClick: () => void; }' is not assignable to type 'IntrinsicAttributes & ButtonProps & RefAttributes<View>'.
  Property 'onClick' does not exist on type 'IntrinsicAttributes & ButtonProps & RefAttributes<View>'.
app/owner/ShopManagement.tsx(255,69): error TS2339: Property 'value' does not exist on type 'NativeMethods'.
app/owner/ShopManagement.tsx(263,72): error TS2339: Property 'value' does not exist on type 'NativeMethods'.
app/owner/ShopManagement.tsx(271,79): error TS2339: Property 'value' does not exist on type 'NativeMethods'.
app/owner/ShopManagement.tsx(277,39): error TS2322: Type '{ children: string; variant: "outline"; onClick: () => void; }' is not assignable to type 'IntrinsicAttributes & ButtonProps & RefAttributes<View>'.
  Property 'onClick' does not exist on type 'IntrinsicAttributes & ButtonProps & RefAttributes<View>'.
app/owner/ShopManagement.tsx(280,21): error TS2322: Type '{ children: string; onClick: () => void; }' is not assignable to type 'IntrinsicAttributes & ButtonProps & RefAttributes<View>'.
  Property 'onClick' does not exist on type 'IntrinsicAttributes & ButtonProps & RefAttributes<View>'.
app/owner/ShopManagement.tsx(298,69): error TS2339: Property 'value' does not exist on type 'NativeMethods'.
app/owner/ShopManagement.tsx(306,72): error TS2339: Property 'value' does not exist on type 'NativeMethods'.
app/owner/ShopManagement.tsx(314,79): error TS2339: Property 'value' does not exist on type 'NativeMethods'.
app/owner/ShopManagement.tsx(320,39): error TS2322: Type '{ children: string; variant: "outline"; onClick: () => void; }' is not assignable to type 'IntrinsicAttributes & ButtonProps & RefAttributes<View>'.
  Property 'onClick' does not exist on type 'IntrinsicAttributes & ButtonProps & RefAttributes<View>'.
app/owner/ShopManagement.tsx(323,21): error TS2322: Type '{ children: string; onClick: () => void; }' is not assignable to type 'IntrinsicAttributes & ButtonProps & RefAttributes<View>'.
  Property 'onClick' does not exist on type 'IntrinsicAttributes & ButtonProps & RefAttributes<View>'.
app/owner/StaffManagement.tsx(2,108): error TS2307: Cannot find module 'lucide-react' or its corresponding type declarations.
app/owner/StaffManagement.tsx(26,29): error TS2307: Cannot find module 'react-router-dom' or its corresponding type declarations.
app/owner/StaffManagement.tsx(27,26): error TS2307: Cannot find module '@/hooks/use-toast' or its corresponding type declarations.
app/owner/StaffManagement.tsx(165,49): error TS2322: Type '{ children: Element; variant: "ghost"; size: "icon"; onClick: () => any; }' is not assignable to type 'IntrinsicAttributes & ButtonProps & RefAttributes<View>'.
  Property 'onClick' does not exist on type 'IntrinsicAttributes & ButtonProps & RefAttributes<View>'.
app/owner/StaffManagement.tsx(170,29): error TS2322: Type '{ children: (string | Element)[]; size: "sm"; onClick: () => void; }' is not assignable to type 'IntrinsicAttributes & ButtonProps & RefAttributes<View>'.
  Property 'onClick' does not exist on type 'IntrinsicAttributes & ButtonProps & RefAttributes<View>'.
app/owner/StaffManagement.tsx(210,40): error TS2322: Type '{ children: (string | Element)[]; className: string; onClick: () => void; }' is not assignable to type 'IntrinsicAttributes & ButtonProps & RefAttributes<View>'.
  Property 'onClick' does not exist on type 'IntrinsicAttributes & ButtonProps & RefAttributes<View>'.
app/owner/StaffManagement.tsx(299,69): error TS2339: Property 'value' does not exist on type 'NativeMethods'.
app/owner/StaffManagement.tsx(306,17): error TS2322: Type '{ type: string; value: string; onChange: (e: TextInputChangeEvent) => void; placeholder: string; }' is not assignable to type 'IntrinsicAttributes & InputProps & RefAttributes<TextInput>'.
  Property 'type' does not exist on type 'IntrinsicAttributes & InputProps & RefAttributes<TextInput>'.
app/owner/StaffManagement.tsx(308,70): error TS2339: Property 'value' does not exist on type 'NativeMethods'.
app/owner/StaffManagement.tsx(316,70): error TS2339: Property 'value' does not exist on type 'NativeMethods'.
app/owner/StaffManagement.tsx(323,17): error TS2322: Type '{ type: string; value: string; onChange: (e: TextInputChangeEvent) => void; placeholder: string; }' is not assignable to type 'IntrinsicAttributes & InputProps & RefAttributes<TextInput>'.
  Property 'type' does not exist on type 'IntrinsicAttributes & InputProps & RefAttributes<TextInput>'.
app/owner/StaffManagement.tsx(325,73): error TS2339: Property 'value' does not exist on type 'NativeMethods'.
app/owner/StaffManagement.tsx(331,63): error TS7006: Parameter 'v' implicitly has an 'any' type.
app/owner/StaffManagement.tsx(344,39): error TS2322: Type '{ children: string; variant: "outline"; onClick: () => void; }' is not assignable to type 'IntrinsicAttributes & ButtonProps & RefAttributes<View>'.
  Property 'onClick' does not exist on type 'IntrinsicAttributes & ButtonProps & RefAttributes<View>'.
app/owner/StaffManagement.tsx(347,21): error TS2322: Type '{ children: string; onClick: () => void; }' is not assignable to type 'IntrinsicAttributes & ButtonProps & RefAttributes<View>'.
  Property 'onClick' does not exist on type 'IntrinsicAttributes & ButtonProps & RefAttributes<View>'.
app/owner/StaffManagement.tsx(365,69): error TS2339: Property 'value' does not exist on type 'NativeMethods'.
app/owner/StaffManagement.tsx(371,17): error TS2322: Type '{ type: string; value: string; onChange: (e: TextInputChangeEvent) => void; }' is not assignable to type 'IntrinsicAttributes & InputProps & RefAttributes<TextInput>'.
  Property 'type' does not exist on type 'IntrinsicAttributes & InputProps & RefAttributes<TextInput>'.
app/owner/StaffManagement.tsx(373,70): error TS2339: Property 'value' does not exist on type 'NativeMethods'.
app/owner/StaffManagement.tsx(380,70): error TS2339: Property 'value' does not exist on type 'NativeMethods'.
app/owner/StaffManagement.tsx(385,63): error TS7006: Parameter 'v' implicitly has an 'any' type.
app/owner/StaffManagement.tsx(398,39): error TS2322: Type '{ children: string; variant: "outline"; onClick: () => void; }' is not assignable to type 'IntrinsicAttributes & ButtonProps & RefAttributes<View>'.
  Property 'onClick' does not exist on type 'IntrinsicAttributes & ButtonProps & RefAttributes<View>'.
app/owner/StaffManagement.tsx(401,21): error TS2322: Type '{ children: string; onClick: () => void; }' is not assignable to type 'IntrinsicAttributes & ButtonProps & RefAttributes<View>'.
  Property 'onClick' does not exist on type 'IntrinsicAttributes & ButtonProps & RefAttributes<View>'.
app/owner/VehicleManagement.tsx(2,108): error TS2307: Cannot find module 'lucide-react' or its corresponding type declarations.
app/owner/VehicleManagement.tsx(27,29): error TS2307: Cannot find module 'react-router-dom' or its corresponding type declarations.
app/owner/VehicleManagement.tsx(28,26): error TS2307: Cannot find module '@/hooks/use-toast' or its corresponding type declarations.
app/owner/VehicleManagement.tsx(200,49): error TS2322: Type '{ children: Element; variant: "ghost"; size: "icon"; onClick: () => any; }' is not assignable to type 'IntrinsicAttributes & ButtonProps & RefAttributes<View>'.
  Property 'onClick' does not exist on type 'IntrinsicAttributes & ButtonProps & RefAttributes<View>'.
app/owner/VehicleManagement.tsx(205,29): error TS2322: Type '{ children: (string | Element)[]; size: "sm"; onClick: () => void; }' is not assignable to type 'IntrinsicAttributes & ButtonProps & RefAttributes<View>'.
  Property 'onClick' does not exist on type 'IntrinsicAttributes & ButtonProps & RefAttributes<View>'.
app/owner/VehicleManagement.tsx(227,44): error TS2322: Type '{ children: (string | Element)[]; className: string; onClick: () => void; }' is not assignable to type 'IntrinsicAttributes & ButtonProps & RefAttributes<View>'.
  Property 'onClick' does not exist on type 'IntrinsicAttributes & ButtonProps & RefAttributes<View>'.
app/owner/VehicleManagement.tsx(339,63): error TS7006: Parameter 'v' implicitly has an 'any' type.
app/owner/VehicleManagement.tsx(354,69): error TS2339: Property 'value' does not exist on type 'NativeMethods'.
app/owner/VehicleManagement.tsx(362,78): error TS2339: Property 'value' does not exist on type 'NativeMethods'.
app/owner/VehicleManagement.tsx(371,72): error TS2339: Property 'value' does not exist on type 'NativeMethods'.
app/owner/VehicleManagement.tsx(379,72): error TS2339: Property 'value' does not exist on type 'NativeMethods'.
app/owner/VehicleManagement.tsx(389,71): error TS2339: Property 'value' does not exist on type 'NativeMethods'.
app/owner/VehicleManagement.tsx(397,72): error TS2339: Property 'value' does not exist on type 'NativeMethods'.
app/owner/VehicleManagement.tsx(406,19): error TS2322: Type '{ type: string; value: string; onChange: (e: TextInputChangeEvent) => void; placeholder: string; }' is not assignable to type 'IntrinsicAttributes & InputProps & RefAttributes<TextInput>'.
  Property 'type' does not exist on type 'IntrinsicAttributes & InputProps & RefAttributes<TextInput>'.
app/owner/VehicleManagement.tsx(408,79): error TS2339: Property 'value' does not exist on type 'NativeMethods'.
app/owner/VehicleManagement.tsx(415,19): error TS2322: Type '{ type: string; value: string; onChange: (e: TextInputChangeEvent) => void; placeholder: string; }' is not assignable to type 'IntrinsicAttributes & InputProps & RefAttributes<TextInput>'.
  Property 'type' does not exist on type 'IntrinsicAttributes & InputProps & RefAttributes<TextInput>'.
app/owner/VehicleManagement.tsx(417,78): error TS2339: Property 'value' does not exist on type 'NativeMethods'.
app/owner/VehicleManagement.tsx(425,67): error TS7006: Parameter 'v' implicitly has an 'any' type.
app/owner/VehicleManagement.tsx(439,71): error TS7006: Parameter 'v' implicitly has an 'any' type.
app/owner/VehicleManagement.tsx(452,39): error TS2322: Type '{ children: string; variant: "outline"; onClick: () => void; }' is not assignable to type 'IntrinsicAttributes & ButtonProps & RefAttributes<View>'.
  Property 'onClick' does not exist on type 'IntrinsicAttributes & ButtonProps & RefAttributes<View>'.
app/owner/VehicleManagement.tsx(455,21): error TS2322: Type '{ children: string; onClick: () => void; }' is not assignable to type 'IntrinsicAttributes & ButtonProps & RefAttributes<View>'.
  Property 'onClick' does not exist on type 'IntrinsicAttributes & ButtonProps & RefAttributes<View>'.
app/owner/VehicleManagement.tsx(473,69): error TS2339: Property 'value' does not exist on type 'NativeMethods'.
app/owner/VehicleManagement.tsx(480,78): error TS2339: Property 'value' does not exist on type 'NativeMethods'.
app/owner/VehicleManagement.tsx(488,72): error TS2339: Property 'value' does not exist on type 'NativeMethods'.
app/owner/VehicleManagement.tsx(495,72): error TS2339: Property 'value' does not exist on type 'NativeMethods'.
app/owner/VehicleManagement.tsx(504,71): error TS2339: Property 'value' does not exist on type 'NativeMethods'.
app/owner/VehicleManagement.tsx(511,72): error TS2339: Property 'value' does not exist on type 'NativeMethods'.
app/owner/VehicleManagement.tsx(519,19): error TS2322: Type '{ type: string; value: string; onChange: (e: TextInputChangeEvent) => void; }' is not assignable to type 'IntrinsicAttributes & InputProps & RefAttributes<TextInput>'.
  Property 'type' does not exist on type 'IntrinsicAttributes & InputProps & RefAttributes<TextInput>'.
app/owner/VehicleManagement.tsx(521,79): error TS2339: Property 'value' does not exist on type 'NativeMethods'.
app/owner/VehicleManagement.tsx(527,19): error TS2322: Type '{ type: string; value: string; onChange: (e: TextInputChangeEvent) => void; }' is not assignable to type 'IntrinsicAttributes & InputProps & RefAttributes<TextInput>'.
  Property 'type' does not exist on type 'IntrinsicAttributes & InputProps & RefAttributes<TextInput>'.
app/owner/VehicleManagement.tsx(529,78): error TS2339: Property 'value' does not exist on type 'NativeMethods'.
app/owner/VehicleManagement.tsx(536,67): error TS7006: Parameter 'v' implicitly has an 'any' type.
app/owner/VehicleManagement.tsx(550,71): error TS7006: Parameter 'v' implicitly has an 'any' type.
app/owner/VehicleManagement.tsx(563,39): error TS2322: Type '{ children: string; variant: "outline"; onClick: () => void; }' is not assignable to type 'IntrinsicAttributes & ButtonProps & RefAttributes<View>'.
  Property 'onClick' does not exist on type 'IntrinsicAttributes & ButtonProps & RefAttributes<View>'.
app/owner/VehicleManagement.tsx(566,21): error TS2322: Type '{ children: string; onClick: () => void; }' is not assignable to type 'IntrinsicAttributes & ButtonProps & RefAttributes<View>'.
  Property 'onClick' does not exist on type 'IntrinsicAttributes & ButtonProps & RefAttributes<View>'.
app/ShopDetails.tsx(102,26): error TS2339: Property 'reviewCount' does not exist on type 'RentalShop'.
app/ShopDetails.tsx(110,63): error TS2339: Property 'isOpen' does not exist on type 'RentalShop'.
app/ShopDetails.tsx(113,46): error TS2339: Property 'isOpen' does not exist on type 'RentalShop'.
app/ShopDetails.tsx(115,25): error TS2339: Property 'isOpen' does not exist on type 'RentalShop'.
app/ShopDetails.tsx(121,25): error TS2339: Property 'operatingHours' does not exist on type 'RentalShop'.
app/staff/AssignedTasks.tsx(2,96): error TS2307: Cannot find module 'lucide-react' or its corresponding type declarations.
app/staff/AssignedTasks.tsx(13,29): error TS2307: Cannot find module 'react-router-dom' or its corresponding type declarations.
app/staff/AssignedTasks.tsx(14,26): error TS2307: Cannot find module '@/hooks/use-toast' or its corresponding type declarations.
app/staff/AssignedTasks.tsx(144,47): error TS2322: Type '{ children: Element; variant: "ghost"; size: "icon"; onClick: () => any; }' is not assignable to type 'IntrinsicAttributes & ButtonProps & RefAttributes<View>'.
  Property 'onClick' does not exist on type 'IntrinsicAttributes & ButtonProps & RefAttributes<View>'.
app/staff/AssignedTasks.tsx(212,19): error TS2322: Type '{ children: Element; key: string; className: string; onClick: () => void; }' is not assignable to type 'IntrinsicAttributes & ViewProps & RefAttributes<View>'.
  Property 'onClick' does not exist on type 'IntrinsicAttributes & ViewProps & RefAttributes<View>'.
app/staff/AssignedTasks.tsx(264,27): error TS2322: Type '{ children: (string | Element)[]; size: "sm"; variant: "outline"; className: string; onClick: (e: any) => void; }' is not assignable to type 'IntrinsicAttributes & ButtonProps & RefAttributes<View>'.
  Property 'onClick' does not exist on type 'IntrinsicAttributes & ButtonProps & RefAttributes<View>'.
app/staff/AssignedTasks.tsx(264,37): error TS7006: Parameter 'e' implicitly has an 'any' type.
app/staff/AssignedTasks.tsx(276,27): error TS2322: Type '{ children: (string | Element)[]; size: "sm"; variant: "outline"; className: string; onClick: (e: any) => void; }' is not assignable to type 'IntrinsicAttributes & ButtonProps & RefAttributes<View>'.
  Property 'onClick' does not exist on type 'IntrinsicAttributes & ButtonProps & RefAttributes<View>'.
app/staff/AssignedTasks.tsx(276,37): error TS7006: Parameter 'e' implicitly has an 'any' type.
app/staff/AssignedTasks.tsx(288,29): error TS2322: Type '{ children: string; size: "sm"; className: string; onClick: (e: any) => void; }' is not assignable to type 'IntrinsicAttributes & ButtonProps & RefAttributes<View>'.
  Property 'onClick' does not exist on type 'IntrinsicAttributes & ButtonProps & RefAttributes<View>'.
app/staff/AssignedTasks.tsx(288,39): error TS7006: Parameter 'e' implicitly has an 'any' type.
app/staff/AssignedTasks.tsx(299,29): error TS2322: Type '{ children: string; size: "sm"; className: string; onClick: (e: any) => void; }' is not assignable to type 'IntrinsicAttributes & ButtonProps & RefAttributes<View>'.
  Property 'onClick' does not exist on type 'IntrinsicAttributes & ButtonProps & RefAttributes<View>'.
app/staff/AssignedTasks.tsx(299,39): error TS7006: Parameter 'e' implicitly has an 'any' type.
app/staff/AssignedTasks.tsx(385,21): error TS2322: Type '{ children: (string | Element)[]; variant: "outline"; className: string; onClick: () => void; }' is not assignable to type 'IntrinsicAttributes & ButtonProps & RefAttributes<View>'.
  Property 'onClick' does not exist on type 'IntrinsicAttributes & ButtonProps & RefAttributes<View>'.
app/staff/AssignedTasks.tsx(393,21): error TS2322: Type '{ children: (string | Element)[]; variant: "outline"; className: string; onClick: () => void; }' is not assignable to type 'IntrinsicAttributes & ButtonProps & RefAttributes<View>'.
  Property 'onClick' does not exist on type 'IntrinsicAttributes & ButtonProps & RefAttributes<View>'.
app/staff/AssignedTasks.tsx(402,44): error TS2322: Type '{ children: string; className: string; onClick: () => void; }' is not assignable to type 'IntrinsicAttributes & ButtonProps & RefAttributes<View>'.
  Property 'onClick' does not exist on type 'IntrinsicAttributes & ButtonProps & RefAttributes<View>'.
app/staff/AssignedTasks.tsx(410,19): error TS2322: Type '{ children: (string | Element)[]; className: string; onClick: () => void; }' is not assignable to type 'IntrinsicAttributes & ButtonProps & RefAttributes<View>'.
  Property 'onClick' does not exist on type 'IntrinsicAttributes & ButtonProps & RefAttributes<View>'.
app/staff/AssignedTasks.tsx(442,39): error TS2322: Type '{ children: string; variant: "outline"; onClick: () => void; }' is not assignable to type 'IntrinsicAttributes & ButtonProps & RefAttributes<View>'.
  Property 'onClick' does not exist on type 'IntrinsicAttributes & ButtonProps & RefAttributes<View>'.
app/staff/AssignedTasks.tsx(445,21): error TS2322: Type '{ children: (string | Element)[]; onClick: () => void | null; }' is not assignable to type 'IntrinsicAttributes & ButtonProps & RefAttributes<View>'.
  Property 'onClick' does not exist on type 'IntrinsicAttributes & ButtonProps & RefAttributes<View>'.
app/staff/StaffDashboard.tsx(4,26): error TS2307: Cannot find module '@/hooks/use-toast' or its corresponding type declarations.
app/staff/StaffDashboard.tsx(16,8): error TS2307: Cannot find module 'lucide-react' or its corresponding type declarations.
app/staff/StaffDashboard.tsx(18,29): error TS2307: Cannot find module 'react-router-dom' or its corresponding type declarations.
app/staff/StaffDashboard.tsx(152,11): error TS2322: Type '{ children: (string | Element)[]; size: "sm"; variant: "outline"; className: string; onClick: () => void; }' is not assignable to type 'IntrinsicAttributes & ButtonProps & RefAttributes<View>'.
  Property 'onClick' does not exist on type 'IntrinsicAttributes & ButtonProps & RefAttributes<View>'.
app/staff/StaffDashboard.tsx(161,11): error TS2322: Type '{ children: (string | Element)[]; size: "sm"; variant: "outline"; className: string; onClick: () => void; }' is not assignable to type 'IntrinsicAttributes & ButtonProps & RefAttributes<View>'.
  Property 'onClick' does not exist on type 'IntrinsicAttributes & ButtonProps & RefAttributes<View>'.
app/staff/StaffDashboard.tsx(169,11): error TS2322: Type '{ children: string; size: "sm"; className: string; onClick: () => void; }' is not assignable to type 'IntrinsicAttributes & ButtonProps & RefAttributes<View>'.
  Property 'onClick' does not exist on type 'IntrinsicAttributes & ButtonProps & RefAttributes<View>'.
app/staff/StaffDashboard.tsx(199,15): error TS2322: Type '{ children: Element; variant: "ghost"; size: "icon"; onClick: () => any; }' is not assignable to type 'IntrinsicAttributes & ButtonProps & RefAttributes<View>'.
  Property 'onClick' does not exist on type 'IntrinsicAttributes & ButtonProps & RefAttributes<View>'.
app/staff/StaffDashboard.tsx(203,47): error TS2322: Type '{ children: string; variant: "ghost"; size: "sm"; onClick: () => void; }' is not assignable to type 'IntrinsicAttributes & ButtonProps & RefAttributes<View>'.
  Property 'onClick' does not exist on type 'IntrinsicAttributes & ButtonProps & RefAttributes<View>'.
app/staff/StaffDashboard.tsx(238,17): error TS2322: Type '{ children: (string | Element)[]; variant: "ghost"; size: "sm"; className: string; onClick: () => any; }' is not assignable to type 'IntrinsicAttributes & ButtonProps & RefAttributes<View>'.
  Property 'onClick' does not exist on type 'IntrinsicAttributes & ButtonProps & RefAttributes<View>'.
app/staff/StaffDashboard.tsx(270,17): error TS2322: Type '{ children: (string | Element)[]; variant: "ghost"; size: "sm"; className: string; onClick: () => any; }' is not assignable to type 'IntrinsicAttributes & ButtonProps & RefAttributes<View>'.
  Property 'onClick' does not exist on type 'IntrinsicAttributes & ButtonProps & RefAttributes<View>'.
app/staff/StaffDashboard.tsx(293,11): error TS2322: Type '{ children: Element; className: string; onClick: () => any; }' is not assignable to type 'IntrinsicAttributes & ViewProps & RefAttributes<View>'.
  Property 'onClick' does not exist on type 'IntrinsicAttributes & ViewProps & RefAttributes<View>'.
app/staff/StaffProfile.tsx(5,26): error TS2307: Cannot find module '@/hooks/use-toast' or its corresponding type declarations.
app/staff/StaffProfile.tsx(15,8): error TS2307: Cannot find module 'lucide-react' or its corresponding type declarations.
app/staff/StaffProfile.tsx(17,29): error TS2307: Cannot find module 'react-router-dom' or its corresponding type declarations.
app/staff/StaffProfile.tsx(89,13): error TS2322: Type '{ children: Element; variant: "ghost"; size: "icon"; onClick: () => any; }' is not assignable to type 'IntrinsicAttributes & ButtonProps & RefAttributes<View>'.
  Property 'onClick' does not exist on type 'IntrinsicAttributes & ButtonProps & RefAttributes<View>'.
app/staff/StaffProfile.tsx(117,17): error TS2322: Type '{ children: string; variant: "ghost"; size: "sm"; onClick: () => void; }' is not assignable to type 'IntrinsicAttributes & ButtonProps & RefAttributes<View>'.
  Property 'onClick' does not exist on type 'IntrinsicAttributes & ButtonProps & RefAttributes<View>'.
app/staff/StaffProfile.tsx(131,69): error TS2339: Property 'value' does not exist on type 'NativeMethods'.
app/staff/StaffProfile.tsx(132,17): error TS2322: Type '{ value: string; onChange: (e: TextInputChangeEvent) => void; disabled: boolean; }' is not assignable to type 'IntrinsicAttributes & InputProps & RefAttributes<TextInput>'.
  Property 'disabled' does not exist on type 'IntrinsicAttributes & InputProps & RefAttributes<TextInput>'.
app/staff/StaffProfile.tsx(141,17): error TS2322: Type '{ type: string; value: string; onChange: (e: TextInputChangeEvent) => void; disabled: boolean; }' is not assignable to type 'IntrinsicAttributes & InputProps & RefAttributes<TextInput>'.
  Property 'type' does not exist on type 'IntrinsicAttributes & InputProps & RefAttributes<TextInput>'.
app/staff/StaffProfile.tsx(143,70): error TS2339: Property 'value' does not exist on type 'NativeMethods'.
app/staff/StaffProfile.tsx(154,70): error TS2339: Property 'value' does not exist on type 'NativeMethods'.
app/staff/StaffProfile.tsx(155,17): error TS2322: Type '{ value: string; onChange: (e: TextInputChangeEvent) => void; disabled: boolean; }' is not assignable to type 'IntrinsicAttributes & InputProps & RefAttributes<TextInput>'.
  Property 'disabled' does not exist on type 'IntrinsicAttributes & InputProps & RefAttributes<TextInput>'.
app/staff/StaffProfile.tsx(159,42): error TS2322: Type '{ children: (string | Element)[]; className: string; onClick: () => void; }' is not assignable to type 'IntrinsicAttributes & ButtonProps & RefAttributes<View>'.
  Property 'onClick' does not exist on type 'IntrinsicAttributes & ButtonProps & RefAttributes<View>'.
app/staff/StaffProfile.tsx(181,17): error TS2322: Type '{ type: string; value: string; onChange: (e: TextInputChangeEvent) => void; placeholder: string; }' is not assignable to type 'IntrinsicAttributes & InputProps & RefAttributes<TextInput>'.
  Property 'type' does not exist on type 'IntrinsicAttributes & InputProps & RefAttributes<TextInput>'.
app/staff/StaffProfile.tsx(184,65): error TS2339: Property 'value' does not exist on type 'NativeMethods'.
app/staff/StaffProfile.tsx(194,17): error TS2322: Type '{ type: string; value: string; onChange: (e: TextInputChangeEvent) => void; placeholder: string; }' is not assignable to type 'IntrinsicAttributes & InputProps & RefAttributes<TextInput>'.
  Property 'type' does not exist on type 'IntrinsicAttributes & InputProps & RefAttributes<TextInput>'.
app/staff/StaffProfile.tsx(197,61): error TS2339: Property 'value' does not exist on type 'NativeMethods'.
app/staff/StaffProfile.tsx(207,17): error TS2322: Type '{ type: string; value: string; onChange: (e: TextInputChangeEvent) => void; placeholder: string; }' is not assignable to type 'IntrinsicAttributes & InputProps & RefAttributes<TextInput>'.
  Property 'type' does not exist on type 'IntrinsicAttributes & InputProps & RefAttributes<TextInput>'.
app/staff/StaffProfile.tsx(210,65): error TS2339: Property 'value' does not exist on type 'NativeMethods'.
app/staff/StaffProfile.tsx(218,15): error TS2322: Type '{ children: string; variant: "outline"; className: string; onClick: () => void; }' is not assignable to type 'IntrinsicAttributes & ButtonProps & RefAttributes<View>'.
  Property 'onClick' does not exist on type 'IntrinsicAttributes & ButtonProps & RefAttributes<View>'.
app/staff/StaffProfile.tsx(226,58): error TS2322: Type '{ children: (string | Element)[]; variant: "destructive"; className: string; onClick: () => void; }' is not assignable to type 'IntrinsicAttributes & ButtonProps & RefAttributes<View>'.
  Property 'onClick' does not exist on type 'IntrinsicAttributes & ButtonProps & RefAttributes<View>'.
app/user/EditProfile.tsx(2,74): error TS2307: Cannot find module 'lucide-react' or its corresponding type declarations.
app/user/EditProfile.tsx(6,29): error TS2307: Cannot find module 'react-router-dom' or its corresponding type declarations.
app/user/EditProfile.tsx(7,26): error TS2307: Cannot find module '@/hooks/use-toast' or its corresponding type declarations.
app/user/EditProfile.tsx(81,47): error TS2322: Type '{ children: Element; variant: "ghost"; size: "icon"; onClick: () => any; }' is not assignable to type 'IntrinsicAttributes & ButtonProps & RefAttributes<View>'.
  Property 'onClick' does not exist on type 'IntrinsicAttributes & ButtonProps & RefAttributes<View>'.
app/user/EditProfile.tsx(107,49): error TS2322: Type '{ children: string; variant: "ghost"; size: "sm"; onClick: () => void; }' is not assignable to type 'IntrinsicAttributes & ButtonProps & RefAttributes<View>'.
  Property 'onClick' does not exist on type 'IntrinsicAttributes & ButtonProps & RefAttributes<View>'.
app/user/EditProfile.tsx(120,71): error TS2339: Property 'value' does not exist on type 'NativeMethods'.
app/user/EditProfile.tsx(121,17): error TS2322: Type '{ value: string; onChange: (e: TextInputChangeEvent) => void; disabled: boolean; }' is not assignable to type 'IntrinsicAttributes & InputProps & RefAttributes<TextInput>'.
  Property 'disabled' does not exist on type 'IntrinsicAttributes & InputProps & RefAttributes<TextInput>'.
app/user/EditProfile.tsx(130,17): error TS2322: Type '{ type: string; value: string; onChange: (e: TextInputChangeEvent) => void; disabled: boolean; }' is not assignable to type 'IntrinsicAttributes & InputProps & RefAttributes<TextInput>'.
  Property 'type' does not exist on type 'IntrinsicAttributes & InputProps & RefAttributes<TextInput>'.
app/user/EditProfile.tsx(132,72): error TS2339: Property 'value' does not exist on type 'NativeMethods'.
app/user/EditProfile.tsx(143,72): error TS2339: Property 'value' does not exist on type 'NativeMethods'.
app/user/EditProfile.tsx(144,17): error TS2322: Type '{ value: string; onChange: (e: TextInputChangeEvent) => void; disabled: boolean; }' is not assignable to type 'IntrinsicAttributes & InputProps & RefAttributes<TextInput>'.
  Property 'disabled' does not exist on type 'IntrinsicAttributes & InputProps & RefAttributes<TextInput>'.
app/user/EditProfile.tsx(154,74): error TS2339: Property 'value' does not exist on type 'NativeMethods'.
app/user/EditProfile.tsx(155,17): error TS2322: Type '{ value: string; onChange: (e: TextInputChangeEvent) => void; disabled: boolean; }' is not assignable to type 'IntrinsicAttributes & InputProps & RefAttributes<TextInput>'.
  Property 'disabled' does not exist on type 'IntrinsicAttributes & InputProps & RefAttributes<TextInput>'.
app/user/EditProfile.tsx(159,42): error TS2322: Type '{ children: (string | Element)[]; className: string; onClick: () => void; }' is not assignable to type 'IntrinsicAttributes & ButtonProps & RefAttributes<View>'.
  Property 'onClick' does not exist on type 'IntrinsicAttributes & ButtonProps & RefAttributes<View>'.
app/user/EditProfile.tsx(179,17): error TS2322: Type '{ type: string; value: string; onChange: (e: TextInputChangeEvent) => void; placeholder: string; }' is not assignable to type 'IntrinsicAttributes & InputProps & RefAttributes<TextInput>'.
  Property 'type' does not exist on type 'IntrinsicAttributes & InputProps & RefAttributes<TextInput>'.
app/user/EditProfile.tsx(181,83): error TS2339: Property 'value' does not exist on type 'NativeMethods'.
app/user/EditProfile.tsx(188,17): error TS2322: Type '{ type: string; value: string; onChange: (e: TextInputChangeEvent) => void; placeholder: string; }' is not assignable to type 'IntrinsicAttributes & InputProps & RefAttributes<TextInput>'.
  Property 'type' does not exist on type 'IntrinsicAttributes & InputProps & RefAttributes<TextInput>'.
app/user/EditProfile.tsx(190,79): error TS2339: Property 'value' does not exist on type 'NativeMethods'.
app/user/EditProfile.tsx(197,17): error TS2322: Type '{ type: string; value: string; onChange: (e: TextInputChangeEvent) => void; placeholder: string; }' is not assignable to type 'IntrinsicAttributes & InputProps & RefAttributes<TextInput>'.
  Property 'type' does not exist on type 'IntrinsicAttributes & InputProps & RefAttributes<TextInput>'.
app/user/EditProfile.tsx(199,83): error TS2339: Property 'value' does not exist on type 'NativeMethods'.
app/user/EditProfile.tsx(203,58): error TS2322: Type '{ children: string; variant: "outline"; className: string; onClick: () => void; }' is not assignable to type 'IntrinsicAttributes & ButtonProps & RefAttributes<View>'.
  Property 'onClick' does not exist on type 'IntrinsicAttributes & ButtonProps & RefAttributes<View>'.
app/user/HelpSupport.tsx(2,114): error TS2307: Cannot find module 'lucide-react' or its corresponding type declarations.
app/user/HelpSupport.tsx(9,30): error TS2307: Cannot find module 'react-router-dom' or its corresponding type declarations.
app/user/HelpSupport.tsx(10,27): error TS2307: Cannot find module '@/hooks/use-toast' or its corresponding type declarations.
app/user/HelpSupport.tsx(44,48): error TS2322: Type '{ children: Element; variant: "ghost"; size: "icon"; onClick: () => any; }' is not assignable to type 'IntrinsicAttributes & ButtonProps & RefAttributes<View>'.
  Property 'onClick' does not exist on type 'IntrinsicAttributes & ButtonProps & RefAttributes<View>'.
app/user/HelpSupport.tsx(52,113): error TS2339: Property 'value' does not exist on type 'NativeMethods'.
app/user/HelpSupport.tsx(56,77): error TS2322: Type '{ children: Element[]; variant: "outline"; className: string; onClick: () => any; }' is not assignable to type 'IntrinsicAttributes & ButtonProps & RefAttributes<View>'.
  Property 'onClick' does not exist on type 'IntrinsicAttributes & ButtonProps & RefAttributes<View>'.
app/user/HelpSupport.tsx(59,77): error TS2322: Type '{ children: Element[]; variant: "outline"; className: string; onClick: () => any; }' is not assignable to type 'IntrinsicAttributes & ButtonProps & RefAttributes<View>'.
  Property 'onClick' does not exist on type 'IntrinsicAttributes & ButtonProps & RefAttributes<View>'.
app/user/HelpSupport.tsx(62,77): error TS2322: Type '{ children: Element[]; variant: "outline"; className: string; onClick: () => any; }' is not assignable to type 'IntrinsicAttributes & ButtonProps & RefAttributes<View>'.
  Property 'onClick' does not exist on type 'IntrinsicAttributes & ButtonProps & RefAttributes<View>'.
app/user/HelpSupport.tsx(118,121): error TS2339: Property 'value' does not exist on type 'NativeMethods'.
app/user/HelpSupport.tsx(126,40): error TS2322: Type '{ children: string; variant: "outline"; onClick: () => void; }' is not assignable to type 'IntrinsicAttributes & ButtonProps & RefAttributes<View>'.
  Property 'onClick' does not exist on type 'IntrinsicAttributes & ButtonProps & RefAttributes<View>'.
app/user/HelpSupport.tsx(127,22): error TS2322: Type '{ children: string; onClick: () => void; }' is not assignable to type 'IntrinsicAttributes & ButtonProps & RefAttributes<View>'.
  Property 'onClick' does not exist on type 'IntrinsicAttributes & ButtonProps & RefAttributes<View>'.
app/user/KYCVerification.tsx(2,108): error TS2307: Cannot find module 'lucide-react' or its corresponding type declarations.
app/user/KYCVerification.tsx(13,29): error TS2307: Cannot find module 'react-router-dom' or its corresponding type declarations.
app/user/KYCVerification.tsx(14,26): error TS2307: Cannot find module '@/hooks/use-toast' or its corresponding type declarations.
app/user/KYCVerification.tsx(82,49): error TS2322: Type '{ children: Element; variant: "ghost"; size: "icon"; onClick: () => any; }' is not assignable to type 'IntrinsicAttributes & ButtonProps & RefAttributes<View>'.
  Property 'onClick' does not exist on type 'IntrinsicAttributes & ButtonProps & RefAttributes<View>'.
app/user/KYCVerification.tsx(120,71): error TS2339: Property 'value' does not exist on type 'NativeMethods'.
app/user/KYCVerification.tsx(122,17): error TS2322: Type '{ value: string; onChange: (e: TextInputChangeEvent) => void; placeholder: string; disabled: boolean; }' is not assignable to type 'IntrinsicAttributes & InputProps & RefAttributes<TextInput>'.
  Property 'disabled' does not exist on type 'IntrinsicAttributes & InputProps & RefAttributes<TextInput>'.
app/user/KYCVerification.tsx(133,19): error TS2322: Type '{ type: string; value: string; onChange: (e: TextInputChangeEvent) => void; disabled: boolean; }' is not assignable to type 'IntrinsicAttributes & InputProps & RefAttributes<TextInput>'.
  Property 'type' does not exist on type 'IntrinsicAttributes & InputProps & RefAttributes<TextInput>'.
app/user/KYCVerification.tsx(135,76): error TS2339: Property 'value' does not exist on type 'NativeMethods'.
app/user/KYCVerification.tsx(146,70): error TS2339: Property 'value' does not exist on type 'NativeMethods'.
app/user/KYCVerification.tsx(148,19): error TS2322: Type '{ value: string; onChange: (e: TextInputChangeEvent) => void; placeholder: string; disabled: boolean; }' is not assignable to type 'IntrinsicAttributes & InputProps & RefAttributes<TextInput>'.
  Property 'disabled' does not exist on type 'IntrinsicAttributes & InputProps & RefAttributes<TextInput>'.
app/user/KYCVerification.tsx(159,17): error TS2322: Type '{ type: string; value: string; onChange: (e: TextInputChangeEvent) => void; placeholder: string; disabled: boolean; }' is not assignable to type 'IntrinsicAttributes & InputProps & RefAttributes<TextInput>'.
  Property 'type' does not exist on type 'IntrinsicAttributes & InputProps & RefAttributes<TextInput>'.
app/user/KYCVerification.tsx(161,68): error TS2339: Property 'value' does not exist on type 'NativeMethods'.
app/user/KYCVerification.tsx(174,70): error TS2339: Property 'value' does not exist on type 'NativeMethods'.
app/user/KYCVerification.tsx(176,17): error TS2322: Type '{ value: string; onChange: (e: TextInputChangeEvent) => void; placeholder: string; disabled: boolean; }' is not assignable to type 'IntrinsicAttributes & InputProps & RefAttributes<TextInput>'.
  Property 'disabled' does not exist on type 'IntrinsicAttributes & InputProps & RefAttributes<TextInput>'.
app/user/KYCVerification.tsx(195,83): error TS2339: Property 'value' does not exist on type 'NativeMethods'.
app/user/KYCVerification.tsx(197,17): error TS2322: Type '{ value: string; onChange: (e: TextInputChangeEvent) => void; placeholder: string; disabled: boolean; }' is not assignable to type 'IntrinsicAttributes & InputProps & RefAttributes<TextInput>'.
  Property 'disabled' does not exist on type 'IntrinsicAttributes & InputProps & RefAttributes<TextInput>'.
app/user/KYCVerification.tsx(242,33): error TS7006: Parameter 'v' implicitly has an 'any' type.
app/user/KYCVerification.tsx(261,81): error TS2339: Property 'value' does not exist on type 'NativeMethods'.
app/user/KYCVerification.tsx(263,17): error TS2322: Type '{ value: string; onChange: (e: TextInputChangeEvent) => void; placeholder: string; disabled: boolean; }' is not assignable to type 'IntrinsicAttributes & InputProps & RefAttributes<TextInput>'.
  Property 'disabled' does not exist on type 'IntrinsicAttributes & InputProps & RefAttributes<TextInput>'.
app/user/KYCVerification.tsx(299,11): error TS2322: Type '{ children: string | Element; className: string; size: "lg"; onClick: () => void; disabled: boolean; }' is not assignable to type 'IntrinsicAttributes & ButtonProps & RefAttributes<View>'.
  Property 'onClick' does not exist on type 'IntrinsicAttributes & ButtonProps & RefAttributes<View>'.
app/user/Notifications.tsx(2,99): error TS2307: Cannot find module 'lucide-react' or its corresponding type declarations.
app/user/Notifications.tsx(5,29): error TS2307: Cannot find module 'react-router-dom' or its corresponding type declarations.
app/user/Notifications.tsx(6,26): error TS2307: Cannot find module '@/hooks/use-toast' or its corresponding type declarations.
app/user/Notifications.tsx(74,49): error TS2322: Type '{ children: Element; variant: "ghost"; size: "icon"; onClick: () => any; }' is not assignable to type 'IntrinsicAttributes & ButtonProps & RefAttributes<View>'.
  Property 'onClick' does not exist on type 'IntrinsicAttributes & ButtonProps & RefAttributes<View>'.
app/user/Notifications.tsx(83,47): error TS2322: Type '{ children: string; variant: "ghost"; size: "sm"; onClick: () => void; }' is not assignable to type 'IntrinsicAttributes & ButtonProps & RefAttributes<View>'.
  Property 'onClick' does not exist on type 'IntrinsicAttributes & ButtonProps & RefAttributes<View>'.
app/user/Notifications.tsx(94,76): error TS2322: Type '{ children: string; variant: "ghost"; size: "sm"; className: string; onClick: () => void; }' is not assignable to type 'IntrinsicAttributes & ButtonProps & RefAttributes<View>'.
  Property 'onClick' does not exist on type 'IntrinsicAttributes & ButtonProps & RefAttributes<View>'.
app/user/Notifications.tsx(118,19): error TS2322: Type '{ children: Element; key: string; className: string; onClick: () => void; }' is not assignable to type 'IntrinsicAttributes & ViewProps & RefAttributes<View>'.
  Property 'onClick' does not exist on type 'IntrinsicAttributes & ViewProps & RefAttributes<View>'.
app/user/Notifications.tsx(140,29): error TS2322: Type '{ children: Element; variant: "ghost"; size: "icon"; className: string; onClick: (e: any) => void; }' is not assignable to type 'IntrinsicAttributes & ButtonProps & RefAttributes<View>'.
  Property 'onClick' does not exist on type 'IntrinsicAttributes & ButtonProps & RefAttributes<View>'.
app/user/Notifications.tsx(140,39): error TS7006: Parameter 'e' implicitly has an 'any' type.
app/user/PaymentMethods.tsx(2,89): error TS2307: Cannot find module 'lucide-react' or its corresponding type declarations.
app/user/PaymentMethods.tsx(8,30): error TS2307: Cannot find module 'react-router-dom' or its corresponding type declarations.
app/user/PaymentMethods.tsx(9,27): error TS2307: Cannot find module '@/hooks/use-toast' or its corresponding type declarations.
app/user/PaymentMethods.tsx(74,50): error TS2322: Type '{ children: Element; variant: "ghost"; size: "icon"; onClick: () => any; }' is not assignable to type 'IntrinsicAttributes & ButtonProps & RefAttributes<View>'.
  Property 'onClick' does not exist on type 'IntrinsicAttributes & ButtonProps & RefAttributes<View>'.
app/user/PaymentMethods.tsx(79,30): error TS2322: Type '{ children: (string | Element)[]; size: "sm"; onClick: () => void; }' is not assignable to type 'IntrinsicAttributes & ButtonProps & RefAttributes<View>'.
  Property 'onClick' does not exist on type 'IntrinsicAttributes & ButtonProps & RefAttributes<View>'.
app/user/PaymentMethods.tsx(91,41): error TS2322: Type '{ children: (string | Element)[]; className: string; onClick: () => void; }' is not assignable to type 'IntrinsicAttributes & ButtonProps & RefAttributes<View>'.
  Property 'onClick' does not exist on type 'IntrinsicAttributes & ButtonProps & RefAttributes<View>'.
app/user/PaymentMethods.tsx(136,87): error TS2322: Type '{ children: Element[]; variant: "outline"; className: string; onClick: () => void; }' is not assignable to type 'IntrinsicAttributes & ButtonProps & RefAttributes<View>'.
  Property 'onClick' does not exist on type 'IntrinsicAttributes & ButtonProps & RefAttributes<View>'.
app/user/PaymentMethods.tsx(157,121): error TS2339: Property 'value' does not exist on type 'NativeMethods'.
app/user/PaymentMethods.tsx(161,121): error TS2339: Property 'value' does not exist on type 'NativeMethods'.
app/user/PaymentMethods.tsx(166,123): error TS2339: Property 'value' does not exist on type 'NativeMethods'.
app/user/PaymentMethods.tsx(170,25): error TS2322: Type '{ type: string; value: string; onChange: (e: TextInputChangeEvent) => void; placeholder: string; maxLength: number; }' is not assignable to type 'IntrinsicAttributes & InputProps & RefAttributes<TextInput>'.
  Property 'type' does not exist on type 'IntrinsicAttributes & InputProps & RefAttributes<TextInput>'.
app/user/PaymentMethods.tsx(170,125): error TS2339: Property 'value' does not exist on type 'NativeMethods'.
app/user/PaymentMethods.tsx(175,40): error TS2322: Type '{ children: string; variant: "outline"; onClick: () => void; }' is not assignable to type 'IntrinsicAttributes & ButtonProps & RefAttributes<View>'.
  Property 'onClick' does not exist on type 'IntrinsicAttributes & ButtonProps & RefAttributes<View>'.
app/user/PaymentMethods.tsx(176,22): error TS2322: Type '{ children: string; onClick: () => void; }' is not assignable to type 'IntrinsicAttributes & ButtonProps & RefAttributes<View>'.
  Property 'onClick' does not exist on type 'IntrinsicAttributes & ButtonProps & RefAttributes<View>'.
app/user/PrivacySecurity.tsx(2,97): error TS2307: Cannot find module 'lucide-react' or its corresponding type declarations.
app/user/PrivacySecurity.tsx(8,30): error TS2307: Cannot find module 'react-router-dom' or its corresponding type declarations.
app/user/PrivacySecurity.tsx(9,27): error TS2307: Cannot find module '@/hooks/use-toast' or its corresponding type declarations.
app/user/PrivacySecurity.tsx(45,48): error TS2322: Type '{ children: Element; variant: "ghost"; size: "icon"; onClick: () => any; }' is not assignable to type 'IntrinsicAttributes & ButtonProps & RefAttributes<View>'.
  Property 'onClick' does not exist on type 'IntrinsicAttributes & ButtonProps & RefAttributes<View>'.
app/user/PrivacySecurity.tsx(54,87): error TS2322: Type '{ children: Element; variant: "outline"; className: string; onClick: () => void; }' is not assignable to type 'IntrinsicAttributes & ButtonProps & RefAttributes<View>'.
  Property 'onClick' does not exist on type 'IntrinsicAttributes & ButtonProps & RefAttributes<View>'.
app/user/PrivacySecurity.tsx(76,79): error TS2322: Type '{ children: string; variant: "ghost"; size: "sm"; className: string; onClick: () => any; }' is not assignable to type 'IntrinsicAttributes & ButtonProps & RefAttributes<View>'.
  Property 'onClick' does not exist on type 'IntrinsicAttributes & ButtonProps & RefAttributes<View>'.
app/user/PrivacySecurity.tsx(92,102): error TS2322: Type '{ children: string; variant: "ghost"; size: "sm"; className: string; onClick: () => any; }' is not assignable to type 'IntrinsicAttributes & ButtonProps & RefAttributes<View>'.
  Property 'onClick' does not exist on type 'IntrinsicAttributes & ButtonProps & RefAttributes<View>'.
app/user/PrivacySecurity.tsx(122,75): error TS2322: Type '{ children: string; variant: "destructive"; size: "sm"; className: string; onClick: () => void; }' is not assignable to type 'IntrinsicAttributes & ButtonProps & RefAttributes<View>'.
  Property 'onClick' does not exist on type 'IntrinsicAttributes & ButtonProps & RefAttributes<View>'.
app/user/PrivacySecurity.tsx(136,25): error TS2322: Type '{ type: string; value: string; onChange: (e: TextInputChangeEvent) => void; placeholder: string; }' is not assignable to type 'IntrinsicAttributes & InputProps & RefAttributes<TextInput>'.
  Property 'type' does not exist on type 'IntrinsicAttributes & InputProps & RefAttributes<TextInput>'.
app/user/PrivacySecurity.tsx(136,192): error TS2339: Property 'value' does not exist on type 'NativeMethods'.
app/user/PrivacySecurity.tsx(145,25): error TS2322: Type '{ type: string; value: string; onChange: (e: TextInputChangeEvent) => void; placeholder: string; }' is not assignable to type 'IntrinsicAttributes & InputProps & RefAttributes<TextInput>'.
  Property 'type' does not exist on type 'IntrinsicAttributes & InputProps & RefAttributes<TextInput>'.
app/user/PrivacySecurity.tsx(145,180): error TS2339: Property 'value' does not exist on type 'NativeMethods'.
app/user/PrivacySecurity.tsx(154,25): error TS2322: Type '{ type: string; value: string; onChange: (e: TextInputChangeEvent) => void; placeholder: string; }' is not assignable to type 'IntrinsicAttributes & InputProps & RefAttributes<TextInput>'.
  Property 'type' does not exist on type 'IntrinsicAttributes & InputProps & RefAttributes<TextInput>'.
app/user/PrivacySecurity.tsx(154,192): error TS2339: Property 'value' does not exist on type 'NativeMethods'.
app/user/PrivacySecurity.tsx(162,40): error TS2322: Type '{ children: string; variant: "outline"; onClick: () => void; }' is not assignable to type 'IntrinsicAttributes & ButtonProps & RefAttributes<View>'.
  Property 'onClick' does not exist on type 'IntrinsicAttributes & ButtonProps & RefAttributes<View>'.
app/user/PrivacySecurity.tsx(163,22): error TS2322: Type '{ children: string; onClick: () => void; }' is not assignable to type 'IntrinsicAttributes & ButtonProps & RefAttributes<View>'.
  Property 'onClick' does not exist on type 'IntrinsicAttributes & ButtonProps & RefAttributes<View>'.
app/user/PrivacySecurity.tsx(181,40): error TS2322: Type '{ children: string; variant: "outline"; onClick: () => void; }' is not assignable to type 'IntrinsicAttributes & ButtonProps & RefAttributes<View>'.
  Property 'onClick' does not exist on type 'IntrinsicAttributes & ButtonProps & RefAttributes<View>'.
app/user/PrivacySecurity.tsx(182,44): error TS2322: Type '{ children: string; variant: "destructive"; onClick: () => void; }' is not assignable to type 'IntrinsicAttributes & ButtonProps & RefAttributes<View>'.
  Property 'onClick' does not exist on type 'IntrinsicAttributes & ButtonProps & RefAttributes<View>'.
app/user/SavedLocations.tsx(2,105): error TS2307: Cannot find module 'lucide-react' or its corresponding type declarations.
app/user/SavedLocations.tsx(26,30): error TS2307: Cannot find module 'react-router-dom' or its corresponding type declarations.
app/user/SavedLocations.tsx(27,27): error TS2307: Cannot find module '@/hooks/use-toast' or its corresponding type declarations.
app/user/SavedLocations.tsx(106,50): error TS2322: Type '{ children: Element; variant: "ghost"; size: "icon"; onClick: () => any; }' is not assignable to type 'IntrinsicAttributes & ButtonProps & RefAttributes<View>'.
  Property 'onClick' does not exist on type 'IntrinsicAttributes & ButtonProps & RefAttributes<View>'.
app/user/SavedLocations.tsx(111,30): error TS2322: Type '{ children: (string | Element)[]; size: "sm"; onClick: () => void; }' is not assignable to type 'IntrinsicAttributes & ButtonProps & RefAttributes<View>'.
  Property 'onClick' does not exist on type 'IntrinsicAttributes & ButtonProps & RefAttributes<View>'.
app/user/SavedLocations.tsx(123,41): error TS2322: Type '{ children: (string | Element)[]; className: string; onClick: () => void; }' is not assignable to type 'IntrinsicAttributes & ButtonProps & RefAttributes<View>'.
  Property 'onClick' does not exist on type 'IntrinsicAttributes & ButtonProps & RefAttributes<View>'.
app/user/SavedLocations.tsx(184,109): error TS2339: Property 'value' does not exist on type 'NativeMethods'.
app/user/SavedLocations.tsx(188,115): error TS2339: Property 'value' does not exist on type 'NativeMethods'.
app/user/SavedLocations.tsx(204,40): error TS2322: Type '{ children: string; variant: "outline"; onClick: () => void; }' is not assignable to type 'IntrinsicAttributes & ButtonProps & RefAttributes<View>'.
  Property 'onClick' does not exist on type 'IntrinsicAttributes & ButtonProps & RefAttributes<View>'.
app/user/SavedLocations.tsx(205,22): error TS2322: Type '{ children: string; onClick: () => void; }' is not assignable to type 'IntrinsicAttributes & ButtonProps & RefAttributes<View>'.
  Property 'onClick' does not exist on type 'IntrinsicAttributes & ButtonProps & RefAttributes<View>'.
app/user/SavedLocations.tsx(216,109): error TS2339: Property 'value' does not exist on type 'NativeMethods'.
app/user/SavedLocations.tsx(220,115): error TS2339: Property 'value' does not exist on type 'NativeMethods'.
app/user/SavedLocations.tsx(236,40): error TS2322: Type '{ children: string; variant: "outline"; onClick: () => void; }' is not assignable to type 'IntrinsicAttributes & ButtonProps & RefAttributes<View>'.
  Property 'onClick' does not exist on type 'IntrinsicAttributes & ButtonProps & RefAttributes<View>'.
app/user/SavedLocations.tsx(237,22): error TS2322: Type '{ children: string; onClick: () => void; }' is not assignable to type 'IntrinsicAttributes & ButtonProps & RefAttributes<View>'.
  Property 'onClick' does not exist on type 'IntrinsicAttributes & ButtonProps & RefAttributes<View>'.
app/user/Settings.tsx(2,84): error TS2307: Cannot find module 'lucide-react' or its corresponding type declarations.
app/user/Settings.tsx(6,29): error TS2307: Cannot find module 'react-router-dom' or its corresponding type declarations.
app/user/Settings.tsx(7,26): error TS2307: Cannot find module '@/hooks/use-toast' or its corresponding type declarations.
app/user/Settings.tsx(33,47): error TS2322: Type '{ children: Element; variant: "ghost"; size: "icon"; onClick: () => any; }' is not assignable to type 'IntrinsicAttributes & ButtonProps & RefAttributes<View>'.
  Property 'onClick' does not exist on type 'IntrinsicAttributes & ButtonProps & RefAttributes<View>'.
app/VehicleDetails.tsx(102,36): error TS7006: Parameter '_' implicitly has an 'any' type.
app/VehicleDetails.tsx(102,39): error TS7006: Parameter 'index' implicitly has an 'any' type.
app/VehicleDetails.tsx(199,40): error TS7006: Parameter 'feature' implicitly has an 'any' type.
components/NavLink.tsx(1,56): error TS2307: Cannot find module 'react-router-dom' or its corresponding type declarations.
components/NavLink.tsx(17,23): error TS7031: Binding element 'isActive' implicitly has an 'any' type.
components/NavLink.tsx(17,33): error TS7031: Binding element 'isPending' implicitly has an 'any' type.
components/ProtectedRoute.tsx(3,39): error TS2307: Cannot find module 'react-router-dom' or its corresponding type declarations.
components/ProtectedRoute.tsx(14,17): error TS2339: Property 'isAuthenticated' does not exist on type 'AuthContextType'.
components/ShopCard.tsx(38,23): error TS2339: Property 'distance' does not exist on type 'RentalShop'.
components/ShopCard.tsx(56,21): error TS2339: Property 'operatingHours' does not exist on type 'RentalShop'.
components/ShopCard.tsx(62,20): error TS2339: Property 'isOpen' does not exist on type 'RentalShop'.
components/ShopCard.tsx(68,22): error TS2339: Property 'isOpen' does not exist on type 'RentalShop'.
components/ShopCard.tsx(71,21): error TS2339: Property 'isOpen' does not exist on type 'RentalShop'.
components/ShopCard.tsx(81,23): error TS2339: Property 'vehicleCount' does not exist on type 'RentalShop'.
components/ShopCard.tsx(87,23): error TS2339: Property 'vehicleCount' does not exist on type 'RentalShop'.
components/ThemeProvider.tsx(1,53): error TS2307: Cannot find module 'next-themes' or its corresponding type declarations.
components/ThemeToggle.tsx(1,27): error TS2307: Cannot find module 'lucide-react' or its corresponding type declarations.
components/ThemeToggle.tsx(2,26): error TS2307: Cannot find module 'next-themes' or its corresponding type declarations.
components/ThemeToggle.tsx(12,7): error TS2322: Type '{ children: Element[]; variant: "glass"; size: "icon"; onClick: () => any; className: string; }' is not assignable to type 'IntrinsicAttributes & ButtonProps & RefAttributes<View>'.
  Property 'onClick' does not exist on type 'IntrinsicAttributes & ButtonProps & RefAttributes<View>'.
components/ui/alert-dialog.tsx(2,39): error TS2307: Cannot find module '@radix-ui/react-alert-dialog' or its corresponding type declarations.
components/ui/aspect-ratio.tsx(1,39): error TS2307: Cannot find module '@radix-ui/react-aspect-ratio' or its corresponding type declarations.
components/ui/avatar.tsx(2,34): error TS2307: Cannot find module '@radix-ui/react-avatar' or its corresponding type declarations.
components/ui/breadcrumb.tsx(3,46): error TS2307: Cannot find module 'lucide-react' or its corresponding type declarations.
components/ui/calendar.tsx(2,43): error TS2307: Cannot find module 'lucide-react' or its corresponding type declarations.
components/ui/calendar.tsx(3,27): error TS2307: Cannot find module 'react-day-picker' or its corresponding type declarations.
components/ui/carousel.tsx(2,61): error TS2307: Cannot find module 'embla-carousel-react' or its corresponding type declarations.
components/ui/carousel.tsx(3,39): error TS2307: Cannot find module 'lucide-react' or its corresponding type declarations.
components/ui/carousel.tsx(174,9): error TS2322: Type 'ForwardedRef<HTMLButtonElement>' is not assignable to type 'Ref<View> | undefined'.
  Type 'RefObject<HTMLButtonElement | null>' is not assignable to type 'Ref<View> | undefined'.
    Type 'RefObject<HTMLButtonElement | null>' is not assignable to type 'RefObject<View | null>'.
      Type 'HTMLButtonElement | null' is not assignable to type 'View | null'.
        Type 'HTMLButtonElement' is not assignable to type 'NativeMethods & ViewComponent'.
          Type 'HTMLButtonElement' is missing the following properties from type 'NativeMethods': measure, measureInWindow, measureLayout, setNativeProps
components/ui/carousel.tsx(202,9): error TS2322: Type 'ForwardedRef<HTMLButtonElement>' is not assignable to type 'Ref<View> | undefined'.
  Type 'RefObject<HTMLButtonElement | null>' is not assignable to type 'Ref<View> | undefined'.
    Type 'RefObject<HTMLButtonElement | null>' is not assignable to type 'RefObject<View | null>'.
      Type 'HTMLButtonElement | null' is not assignable to type 'View | null'.
        Type 'HTMLButtonElement' is not assignable to type 'NativeMethods & ViewComponent'.
          Type 'HTMLButtonElement' is missing the following properties from type 'NativeMethods': measure, measureInWindow, measureLayout, setNativeProps
components/ui/chart.tsx(2,36): error TS2307: Cannot find module 'recharts' or its corresponding type declarations.
components/ui/chart.tsx(163,25): error TS7006: Parameter 'item' implicitly has an 'any' type.
components/ui/chart.tsx(163,31): error TS7006: Parameter 'index' implicitly has an 'any' type.
components/ui/chart.tsx(249,21): error TS7006: Parameter 'item' implicitly has an 'any' type.
components/ui/checkbox.tsx(2,36): error TS2307: Cannot find module '@radix-ui/react-checkbox' or its corresponding type declarations.
components/ui/checkbox.tsx(3,23): error TS2307: Cannot find module 'lucide-react' or its corresponding type declarations.
components/ui/collapsible.tsx(1,39): error TS2307: Cannot find module '@radix-ui/react-collapsible' or its corresponding type declarations.
components/ui/command.tsx(2,34): error TS2307: Cannot find module '@radix-ui/react-dialog' or its corresponding type declarations.
components/ui/command.tsx(3,45): error TS2307: Cannot find module 'cmdk' or its corresponding type declarations.
components/ui/command.tsx(4,24): error TS2307: Cannot find module 'lucide-react' or its corresponding type declarations.
components/ui/command.tsx(26,26): error TS2339: Property 'children' does not exist on type 'CommandDialogProps'.
components/ui/context-menu.tsx(2,39): error TS2307: Cannot find module '@radix-ui/react-context-menu' or its corresponding type declarations.
components/ui/context-menu.tsx(3,45): error TS2307: Cannot find module 'lucide-react' or its corresponding type declarations.
components/ui/dialog.tsx(2,34): error TS2307: Cannot find module '@radix-ui/react-dialog' or its corresponding type declarations.
components/ui/dialog.tsx(3,19): error TS2307: Cannot find module 'lucide-react' or its corresponding type declarations.
components/ui/dropdown-menu.tsx(2,40): error TS2307: Cannot find module '@radix-ui/react-dropdown-menu' or its corresponding type declarations.
components/ui/dropdown-menu.tsx(3,45): error TS2307: Cannot find module 'lucide-react' or its corresponding type declarations.
components/ui/form.tsx(2,33): error TS2307: Cannot find module '@radix-ui/react-label' or its corresponding type declarations.
components/ui/form.tsx(4,99): error TS2307: Cannot find module 'react-hook-form' or its corresponding type declarations.
components/ui/hover-card.tsx(2,37): error TS2307: Cannot find module '@radix-ui/react-hover-card' or its corresponding type declarations.
components/ui/input-otp.tsx(2,43): error TS2307: Cannot find module 'input-otp' or its corresponding type declarations.
components/ui/input-otp.tsx(3,21): error TS2307: Cannot find module 'lucide-react' or its corresponding type declarations.
components/ui/input-otp.tsx(29,44): error TS18046: 'inputOTPContext' is of type 'unknown'.
components/ui/label.tsx(2,33): error TS2307: Cannot find module '@radix-ui/react-label' or its corresponding type declarations.
components/ui/menubar.tsx(2,35): error TS2307: Cannot find module '@radix-ui/react-menubar' or its corresponding type declarations.
components/ui/menubar.tsx(3,45): error TS2307: Cannot find module 'lucide-react' or its corresponding type declarations.
components/ui/navigation-menu.tsx(2,42): error TS2307: Cannot find module '@radix-ui/react-navigation-menu' or its corresponding type declarations.
components/ui/navigation-menu.tsx(4,29): error TS2307: Cannot find module 'lucide-react' or its corresponding type declarations.
components/ui/pagination.tsx(2,59): error TS2307: Cannot find module 'lucide-react' or its corresponding type declarations.
components/ui/popover.tsx(2,35): error TS2307: Cannot find module '@radix-ui/react-popover' or its corresponding type declarations.
components/ui/progress.tsx(2,36): error TS2307: Cannot find module '@radix-ui/react-progress' or its corresponding type declarations.
components/ui/radio-group.tsx(2,38): error TS2307: Cannot find module '@radix-ui/react-radio-group' or its corresponding type declarations.
components/ui/radio-group.tsx(3,24): error TS2307: Cannot find module 'lucide-react' or its corresponding type declarations.
components/ui/resizable.tsx(1,30): error TS2307: Cannot find module 'lucide-react' or its corresponding type declarations.
components/ui/resizable.tsx(2,37): error TS2307: Cannot find module 'react-resizable-panels' or its corresponding type declarations.
components/ui/scroll-area.tsx(2,38): error TS2307: Cannot find module '@radix-ui/react-scroll-area' or its corresponding type declarations.
components/ui/select.tsx(2,34): error TS2307: Cannot find module '@radix-ui/react-select' or its corresponding type declarations.
components/ui/select.tsx(3,47): error TS2307: Cannot find module 'lucide-react' or its corresponding type declarations.
components/ui/separator.tsx(2,37): error TS2307: Cannot find module '@radix-ui/react-separator' or its corresponding type declarations.
components/ui/sheet.tsx(1,33): error TS2307: Cannot find module '@radix-ui/react-dialog' or its corresponding type declarations.
components/ui/sheet.tsx(3,19): error TS2307: Cannot find module 'lucide-react' or its corresponding type declarations.
components/ui/sheet.tsx(55,22): error TS2339: Property 'className' does not exist on type 'SheetContentProps'.
components/ui/sheet.tsx(55,33): error TS2339: Property 'children' does not exist on type 'SheetContentProps'.
components/ui/sidebar.tsx(4,27): error TS2307: Cannot find module 'lucide-react' or its corresponding type declarations.
components/ui/sidebar.tsx(6,29): error TS2307: Cannot find module '@/hooks/use-mobile' or its corresponding type declarations.
components/ui/sidebar.tsx(156,10): error TS2322: Type '{ children: Element; "data-sidebar": string; "data-mobile": string; className: string; style: CSSProperties; side: "left" | "right"; }' is not assignable to type 'IntrinsicAttributes & SheetContentProps & RefAttributes<any>'.
  Property 'children' does not exist on type 'IntrinsicAttributes & SheetContentProps & RefAttributes<any>'.
components/ui/sidebar.tsx(220,17): error TS2339: Property 'onClick' does not exist on type 'Omit<ButtonProps & RefAttributes<View>, "ref">'.
components/ui/sidebar.tsx(230,9): error TS2322: Type '{ children: Element[]; id?: string | undefined; variant: "default" | "destructive" | "outline" | "secondary" | "ghost" | "link" | "accent" | "glass" | null; size: "default" | "icon" | "sm" | "lg" | null; ... 69 more ...; onClick: (event: any) => void; }' is not assignable to type 'IntrinsicAttributes & ButtonProps & RefAttributes<View>'.
  Property 'onClick' does not exist on type 'IntrinsicAttributes & ButtonProps & RefAttributes<View>'.
components/ui/sidebar.tsx(230,19): error TS7006: Parameter 'event' implicitly has an 'any' type.
components/ui/slider.tsx(2,34): error TS2307: Cannot find module '@radix-ui/react-slider' or its corresponding type declarations.
components/ui/sonner.tsx(1,26): error TS2307: Cannot find module 'next-themes' or its corresponding type declarations.
components/ui/sonner.tsx(2,42): error TS2307: Cannot find module 'sonner' or its corresponding type declarations.
components/ui/switch.tsx(2,35): error TS2307: Cannot find module '@radix-ui/react-switch' or its corresponding type declarations.
components/ui/tabs.tsx(2,32): error TS2307: Cannot find module '@radix-ui/react-tabs' or its corresponding type declarations.
components/ui/toast.tsx(2,34): error TS2307: Cannot find module '@radix-ui/react-toast' or its corresponding type declarations.
components/ui/toast.tsx(4,19): error TS2307: Cannot find module 'lucide-react' or its corresponding type declarations.
components/ui/toaster.tsx(1,26): error TS2307: Cannot find module '@/hooks/use-toast' or its corresponding type declarations.
components/ui/toaster.tsx(9,31): error TS7031: Binding element 'id' implicitly has an 'any' type.
components/ui/toaster.tsx(9,35): error TS7031: Binding element 'title' implicitly has an 'any' type.
components/ui/toaster.tsx(9,42): error TS7031: Binding element 'description' implicitly has an 'any' type.
components/ui/toaster.tsx(9,55): error TS7031: Binding element 'action' implicitly has an 'any' type.
components/ui/toggle-group.tsx(2,39): error TS2307: Cannot find module '@radix-ui/react-toggle-group' or its corresponding type declarations.
components/ui/toggle.tsx(2,34): error TS2307: Cannot find module '@radix-ui/react-toggle' or its corresponding type declarations.
components/ui/tooltip.tsx(2,35): error TS2307: Cannot find module '@radix-ui/react-tooltip' or its corresponding type declarations.
components/ui/use-toast.ts(1,33): error TS2307: Cannot find module '@/hooks/use-toast' or its corresponding type declarations.
components/user/DeliveryLocationSelector.tsx(2,46): error TS2307: Cannot find module 'lucide-react' or its corresponding type declarations.
components/user/DeliveryLocationSelector.tsx(5,23): error TS2307: Cannot find module 'sonner' or its corresponding type declarations.
components/user/DeliveryLocationSelector.tsx(87,50): error TS2339: Property 'value' does not exist on type 'NativeMethods'.
components/user/DeliveryLocationSelector.tsx(122,17): error TS2322: Type '{ children: string[]; onClick: () => void; className: string; size: "lg"; }' is not assignable to type 'IntrinsicAttributes & ButtonProps & RefAttributes<View>'.
  Property 'onClick' does not exist on type 'IntrinsicAttributes & ButtonProps & RefAttributes<View>'.
components/VehicleCard.tsx(4,10): error TS2305: Module '"@/types"' has no exported member 'Vehicle'.
data/mockData.ts(1,22): error TS2305: Module '"@/types"' has no exported member 'Vehicle'.
data/mockData.ts(1,31): error TS2305: Module '"@/types"' has no exported member 'Booking'.
data/mockData.ts(9,5): error TS2353: Object literal may only specify known properties, and 'distance' does not exist in type 'RentalShop'.
data/mockData.ts(21,5): error TS2353: Object literal may only specify known properties, and 'distance' does not exist in type 'RentalShop'.
data/mockData.ts(33,5): error TS2353: Object literal may only specify known properties, and 'distance' does not exist in type 'RentalShop'.
data/mockData.ts(45,5): error TS2353: Object literal may only specify known properties, and 'distance' does not exist in type 'RentalShop'.
navigation/RootNavigator.tsx(12,17): error TS2339: Property 'isAuthenticated' does not exist on type 'AuthContextType'.
